=== [1/4] evaluating C5 on the full test split ===
GPU: NVIDIA RTX PRO 6000 Blackwell Max-Q Workstation Edition (102.0 GB)

[C5] loading checkpoint ...
[C5] decoding test split greedily ...
[C5] scoring 9322 chunks / 500 lines ...
[C5] chunk: bit=98.81%  char=97.32%  seq=80.38%  lev=0.73  BLEU=90.71  ROUGE-L=95.07
[C5] line : bit=94.91%  seq=9.80%  lev=13.6  BLEU=89.41
[C5] wrote outputs/metrics_C5.json (shared results files untouched; run --collect to merge)

=== [2/4] merging all five into results.csv / results.json / figures ===
GPU: NVIDIA RTX PRO 6000 Blackwell Max-Q Workstation Edition (102.0 GB)
[collect] merging C1, C2, C3, C4, C5

========================================================================================================
Cfg  Changed                 Params    Bit%   Char%   Seq%      Lev    BLEU     R-L   ms/line
--------------------------------------------------------------------------------------------------------
C1   None (base)              12.89   99.58   98.95  95.34      0.1   98.10   99.08     208.3
C2   Positional encoding      12.89   99.73   99.34  96.86      0.0   98.74   99.36     228.2
C3   Attention mechanism      11.70   99.50   98.77  95.26      0.1   98.04   99.05     213.1
C4   Normalization            12.88   99.60   99.03  96.25      0.1   98.47   99.27     199.4
C5   Tokenization             26.68   98.81   97.32  80.38      0.7   90.71   95.07     861.8
========================================================================================================

Wrote results.csv, results.json, runtime_stats.json and 3 figures to /scratch/shlok/Temp/Transformers-from-Scratch/outputs

=== [3/4] isolated cost profile, one config per process ===

=== profiling C1 (isolated process) ===
[C1] 0.764 s/step  232 s/epoch  2952 MiB train  3.84 ms/chunk  294 MiB decode

=== profiling C2 (isolated process) ===
[C2] 0.872 s/step  264 s/epoch  2953 MiB train  6.05 ms/chunk  294 MiB decode

=== profiling C3 (isolated process) ===
[C3] 0.783 s/step  237 s/epoch  2937 MiB train  4.69 ms/chunk  280 MiB decode

=== profiling C4 (isolated process) ===
[C4] 0.726 s/step  220 s/epoch  2781 MiB train  3.98 ms/chunk  294 MiB decode

=== profiling C5 (isolated process) ===
[C5] 1.459 s/step  442 s/epoch  9600 MiB train  37.32 ms/chunk  729 MiB decode

Cfg    Params(M)   s/step   s/epoch   Train MiB   ms/chunk   Infer MiB
----------------------------------------------------------------------
C1         12.89    0.764     231.6        2952       3.84         294
C2         12.89    0.872     264.1        2953       6.05         294
C3         11.70    0.783     237.2        2937       4.69         280
C4         12.88    0.726     220.1        2781       3.98         294
C5         26.68    1.459     442.2        9600      37.32         729

=== [4/4] report materials ===
wrote /scratch/shlok/Temp/Transformers-from-Scratch/outputs/report/REPORT_MATERIALS.md
wrote /scratch/shlok/Temp/Transformers-from-Scratch/outputs/report/tables.tex
wrote /scratch/shlok/Temp/Transformers-from-Scratch/outputs/report/patching.png
=== PIPELINE COMPLETE Wed Sep  2 10:46:46 PM IST 2026 ===
